// Jest Snapshot v1, https://goo.gl/fbAQLP

exports[`CurrencyField should render 1`] = `
<DocumentFragment>
  <div>
    <input
      type="number"
      value="1"
    />
    <select
      data-testid="Dropdown"
    >
      <option
        value="EUR"
      >
        EUR
      </option>
      <option
        value="USD"
      >
        USD
      </option>
    </select>
  </div>
</DocumentFragment>
`;
